Enter password: ****
Welcome to the MySQL monitor.  Commands end with ; or \g.
Your MySQL connection id is 22
Server version: 5.7.33-log MySQL Community Server (GPL)

Copyright (c) 2000, 2021, Oracle and/or its affiliates.

Oracle is a registered trademark of Oracle Corporation and/or its
affiliates. Other names may be trademarks of their respective
owners.

Type 'help;' or '\h' for help. Type '\c' to clear the current input statement.

mysql> CREATE DATABASE example;
Query OK, 1 row affected (0.01 sec)

mysql> USE example;
Database changed
mysql> CREATE TABLE user (id INT(6), name VARCHAR(100));
Query OK, 0 rows affected (0.04 sec)

mysql> SHOW TABLE;
ERROR 1064 (42000): You have an error in your SQL syntax; check the manual that
corresponds to your MySQL server version for the right syntax to use near '' at
line 1
mysql> SHOW TABLE user;
ERROR 1064 (42000): You have an error in your SQL syntax; check the manual that
corresponds to your MySQL server version for the right syntax to use near 'user'
 at line 1
mysql> SHOW TABLES;
+-------------------+
| Tables_in_example |
+-------------------+
| user              |
+-------------------+
1 row in set (0.00 sec)

mysql>